// Jest Snapshot v1, https://goo.gl/fbAQLP

exports[`信用卡刷卡计划 - 单元测试 init() 页面快照测试 测试渲染数据列表快照 1`] = `
"<li class="data-item">
<label for="date-1735689600000" class="data-label">2025年1月1日周三</label>
<span class="colon">:</span>
<input id="date-1735689600000" class="flex-input" type="text" value="">
<button class="minus-button" onclick="onDeleteDataItem(this)">-</button>
</li>
<li class="data-item">
<label for="date-1735776000000" class="data-label">2025年1月2日周四</label>
<span class="colon">:</span>
<input id="date-1735776000000" class="flex-input" type="text" value="">
<button class="minus-button" onclick="onDeleteDataItem(this)">-</button>
</li>
<li class="data-item">
<label for="date-1735862400000" class="data-label">2025年1月3日周五</label>
<span class="colon">:</span>
<input id="date-1735862400000" class="flex-input" type="text" value="">
<button class="minus-button" onclick="onDeleteDataItem(this)">-</button>
</li>
<li class="data-item">
<label for="date-1735948800000" class="data-label">2025年1月4日周六</label>
<span class="colon">:</span>
<input id="date-1735948800000" class="flex-input" type="text" value="">
<button class="minus-button" onclick="onDeleteDataItem(this)">-</button>
</li>
<li class="data-item">
<label for="date-1736035200000" class="data-label">2025年1月5日周日</label>
<span class="colon">:</span>
<input id="date-1736035200000" class="flex-input" type="text" value="">
<button class="minus-button" onclick="onDeleteDataItem(this)">-</button>
</li>
<li class="data-item">
<label for="date-1736121600000" class="data-label">2025年1月6日周一</label>
<span class="colon">:</span>
<input id="date-1736121600000" class="flex-input" type="text" value="">
<button class="minus-button" onclick="onDeleteDataItem(this)">-</button>
</li>
<li class="data-item">
<label for="date-1736208000000" class="data-label">2025年1月7日周二</label>
<span class="colon">:</span>
<input id="date-1736208000000" class="flex-input" type="text" value="">
<button class="minus-button" onclick="onDeleteDataItem(this)">-</button>
</li>
<li class="data-item">
<label for="date-1736294400000" class="data-label">2025年1月8日周三</label>
<span class="colon">:</span>
<input id="date-1736294400000" class="flex-input" type="text" value="">
<button class="minus-button" onclick="onDeleteDataItem(this)">-</button>
</li>
<li class="data-item">
<label for="date-1736380800000" class="data-label">2025年1月9日周四</label>
<span class="colon">:</span>
<input id="date-1736380800000" class="flex-input" type="text" value="">
<button class="minus-button" onclick="onDeleteDataItem(this)">-</button>
</li>
<li class="data-item">
<label for="date-1736467200000" class="data-label">2025年1月10日周五</label>
<span class="colon">:</span>
<input id="date-1736467200000" class="flex-input" type="text" value="">
<button class="minus-button" onclick="onDeleteDataItem(this)">-</button>
</li>
<li class="data-item">
<label for="date-1736553600000" class="data-label">2025年1月11日周六</label>
<span class="colon">:</span>
<input id="date-1736553600000" class="flex-input" type="text" value="">
<button class="minus-button" onclick="onDeleteDataItem(this)">-</button>
</li>
<li class="data-item">
<label for="date-1736640000000" class="data-label">2025年1月12日周日</label>
<span class="colon">:</span>
<input id="date-1736640000000" class="flex-input" type="text" value="">
<button class="minus-button" onclick="onDeleteDataItem(this)">-</button>
</li>"
`;

exports[`信用卡刷卡计划 - 单元测试 init() 页面快照测试 测试渲染预览表格快照 1`] = `
"<colgroup>
<col>
<col id="preview-moneys-col" style="min-width: 0px;">
<col id="preview-remark-col" style="min-width: 40px;">
</colgroup>
<thead>
<tr>
<th colspan="3" align="center">title</th>
</tr>
<tr>
<th>preview.table.date</th>
<th>preview.table.moneys</th>
<th>preview.table.remark</th>
</tr>
</thead>
<tbody id="preview-table-body">
<tr>
<td align="right">2025年1月1日周三</td>
<td>¥400.00</td>
<td></td>
</tr>
<tr>
<td align="right">2025年1月2日周四</td>
<td>¥400.00</td>
<td></td>
</tr>
<tr>
<td align="right">2025年1月3日周五</td>
<td>¥400.00</td>
<td></td>
</tr>
<tr>
<td align="right">2025年1月4日周六</td>
<td>¥850.00、¥850.00</td>
<td></td>
</tr>
<tr>
<td align="right">2025年1月5日周日</td>
<td>¥850.00、¥850.00</td>
<td></td>
</tr>
<tr>
<td align="right">2025年1月6日周一</td>
<td>¥400.00</td>
<td></td>
</tr>
<tr>
<td align="right">2025年1月7日周二</td>
<td>¥400.00</td>
<td></td>
</tr>
<tr>
<td align="right">2025年1月8日周三</td>
<td>¥400.00</td>
<td></td>
</tr>
<tr>
<td align="right">2025年1月9日周四</td>
<td>¥400.00</td>
<td></td>
</tr>
<tr>
<td align="right">2025年1月10日周五</td>
<td>¥400.00</td>
<td></td>
</tr>
<tr>
<td align="right">2025年1月11日周六</td>
<td>¥850.00、¥850.00</td>
<td></td>
</tr>
<tr>
<td align="right">2025年1月12日周日</td>
<td>¥850.00、¥850.00</td>
<td></td>
</tr>
</tbody>
<tfoot>
<tr>
<td align="right">preview.table.total-amount</td>
<td colspan="2" id="total-amount">¥10,000.00</td>
</tr>
<tr>
<td align="right">preview.table.total-count</td>
<td colspan="2" id="total-count">16</td>
</tr>
<tr>
<td align="right">preview.table.create-time</td>
<td colspan="2" id="create-time">2025年1月1日周三 00:00</td>
</tr>
</tfoot>"
`;

exports[`信用卡刷卡计划 - 单元测试 init() 页面快照测试 测试页面设置UI快照 1`] = `
"<li class="setting-item">
<label for="total-amount-limit" class="setting-label">settings.total-amount-limit</label>
<span class="colon">:</span>
<input id="total-amount-limit" class="flex-input" type="text">
</li>
<li class="setting-item">
<label for="workday-daily-count" class="setting-label">settings.work-days.title</label>
<span class="colon">:</span>
<label for="workday-daily-count" class="setting-sublabel">settings.work-days.daily-count</label>
<span class="colon">:</span>
<input id="workday-daily-count" class="flex-input" type="text">
</li>
<li class="setting-item">
<span class="setting-label"></span>
<span class="colon">:</span>
<label for="workday-min-money" class="setting-sublabel">settings.work-days.min-money</label>
<span class="colon">:</span>
<input id="workday-min-money" class="flex-input" type="text">
</li>
<li class="setting-item">
<span class="setting-label"></span>
<span class="colon">:</span>
<label for="workday-max-money" class="setting-sublabel">settings.work-days.max-money</label>
<span class="colon">:</span>
<input id="workday-max-money" class="flex-input" type="text">
</li>
<li class="setting-item">
<label for="weekend-daily-count" class="setting-label">settings.weekend-days.title</label>
<span class="colon">:</span>
<label for="weekend-daily-count" class="setting-sublabel">settings.weekend-days.daily-count</label>
<span class="colon">:</span>
<input id="weekend-daily-count" class="flex-input" type="text">
</li>
<li class="setting-item">
<span class="setting-label"></span>
<span class="colon">:</span>
<label for="weekend-min-money" class="setting-sublabel">settings.weekend-days.min-money</label>
<span class="colon">:</span>
<input id="weekend-min-money" class="flex-input" type="text">
</li>
<li class="setting-item">
<span class="setting-label"></span>
<span class="colon">:</span>
<label for="weekend-max-money" class="setting-sublabel">settings.weekend-days.max-money</label>
<span class="colon">:</span>
<input id="weekend-max-money" class="flex-input" type="text">
</li>
<li class="setting-item">
<label for="begin-date" class="setting-label">settings.begin-date</label>
<span class="colon">:</span>
<input id="begin-date" class="flex-input" type="date">
</li>
<li class="setting-item">
<label for="date-format" class="setting-label">settings.date-format</label>
<span class="colon">:</span>
<select id="date-format" class="flex-input" value="local-lang-with-weekday" onchange="onDateFormatChange(event)">
<option value="local-lang-with-weekday">settings.date-format-modes.local-lang-with-weekday</option>
<option value="dash-format-with-weekday">settings.date-format-modes.dash-format-with-weekday</option>
<option value="slash-format-with-weekday">settings.date-format-modes.slash-format-with-weekday</option>
<option value="local-lang-format">settings.date-format-modes.local-lang-format</option>
<option value="dash-format">settings.date-format-modes.dash-format</option>
<option value="slash-format">settings.date-format-modes.slash-format</option>
</select>
</li>
<li class="setting-item">
<label for="is-float" class="setting-label">settings.is-float</label>
<span class="colon">:</span>
<input id="is-float" type="checkbox">
</li>
<input id="lang-local" type="hidden" value="zh-CN">
<input id="currency" type="hidden" value="CNY">
<input id="money-separator" type="hidden" value="、">
<input id="remark-separator" type="hidden" value="；">"
`;
